** Drc report for octal_dff_panel.kicad_pcb **
** Created on 2026-09-25T12:59:04 **
** Report includes: Errors, Warnings, Exclusions **

** Found 16 DRC violations **
[silk_overlap]: Silkscreen clearance
    Rule: 基板の設定のシルクスクリーンの制約; warning
    @(93.8000 mm, 121.2000 mm): PCB text '74x574' on F.Silkscreen
    @(94.8350 mm, 120.5350 mm): Segment of C_D11 on F.Silkscreen
[silk_overlap]: Silkscreen clearance
    Rule: 基板の設定のシルクスクリーンの制約; warning
    @(93.8000 mm, 121.2000 mm): PCB text '74x574' on F.Silkscreen
    @(93.3650 mm, 120.5350 mm): Segment of C_D11 on F.Silkscreen
[silk_overlap]: Silkscreen clearance
    Rule: 基板の設定のシルクスクリーンの制約; warning
    @(93.8000 mm, 71.2000 mm): PCB text '74x273' on F.Silkscreen
    @(93.3650 mm, 70.5350 mm): Segment of A_D11 on F.Silkscreen
[silk_overlap]: Silkscreen clearance
    Rule: 基板の設定のシルクスクリーンの制約; warning
    @(93.8000 mm, 71.2000 mm): PCB text '74x273' on F.Silkscreen
    @(94.8350 mm, 70.5350 mm): Segment of A_D11 on F.Silkscreen
[silk_overlap]: Silkscreen clearance
    Rule: 基板の設定のシルクスクリーンの制約; warning
    @(144.8350 mm, 70.5350 mm): Segment of B_D11 on F.Silkscreen
    @(143.8000 mm, 71.2000 mm): PCB text '74x374' on F.Silkscreen
[silk_overlap]: Silkscreen clearance
    Rule: 基板の設定のシルクスクリーンの制約; warning
    @(143.3650 mm, 70.5350 mm): Segment of B_D11 on F.Silkscreen
    @(143.8000 mm, 71.2000 mm): PCB text '74x374' on F.Silkscreen
[silk_overlap]: Silkscreen clearance
    Rule: 基板の設定のシルクスクリーンの制約; warning
    @(143.8000 mm, 121.2000 mm): PCB text '74x377' on F.Silkscreen
    @(144.8350 mm, 120.5350 mm): Segment of D_D11 on F.Silkscreen
[silk_overlap]: Silkscreen clearance
    Rule: 基板の設定のシルクスクリーンの制約; warning
    @(143.3650 mm, 120.5350 mm): Segment of D_D11 on F.Silkscreen
    @(143.8000 mm, 121.2000 mm): PCB text '74x377' on F.Silkscreen
[silk_over_copper]: Silkscreen clipped by solder mask
    Local override; warning
    @(93.8000 mm, 121.2000 mm): PCB text '74x574' on F.Silkscreen
    @(94.1000 mm, 119.8375 mm): Pad 1 [C_GND] of C_D11 on F.Cu
[silk_over_copper]: Silkscreen clipped by solder mask
    Local override; warning
    @(93.8000 mm, 121.2000 mm): PCB text '74x574' on F.Silkscreen
    @(97.3000 mm, 119.8750 mm): Pad 2 [C_/LA11] of C_R11 on F.Cu
[silk_over_copper]: Silkscreen clipped by solder mask
    Local override; warning
    @(93.8000 mm, 71.2000 mm): PCB text '74x273' on F.Silkscreen
    @(94.1000 mm, 69.8375 mm): Pad 1 [A_GND] of A_D11 on F.Cu
[silk_over_copper]: Silkscreen clipped by solder mask
    Local override; warning
    @(93.8000 mm, 71.2000 mm): PCB text '74x273' on F.Silkscreen
    @(97.3000 mm, 69.8750 mm): Pad 2 [A_/LA11] of A_R11 on F.Cu
[silk_over_copper]: Silkscreen clipped by solder mask
    Local override; warning
    @(143.8000 mm, 71.2000 mm): PCB text '74x374' on F.Silkscreen
    @(144.1000 mm, 69.8375 mm): Pad 1 [B_GND] of B_D11 on F.Cu
[silk_over_copper]: Silkscreen clipped by solder mask
    Local override; warning
    @(143.8000 mm, 71.2000 mm): PCB text '74x374' on F.Silkscreen
    @(147.3000 mm, 69.8750 mm): Pad 2 [B_/LA11] of B_R11 on F.Cu
[silk_over_copper]: Silkscreen clipped by solder mask
    Local override; warning
    @(143.8000 mm, 121.2000 mm): PCB text '74x377' on F.Silkscreen
    @(144.1000 mm, 119.8375 mm): Pad 1 [D_GND] of D_D11 on F.Cu
[silk_over_copper]: Silkscreen clipped by solder mask
    Local override; warning
    @(143.8000 mm, 121.2000 mm): PCB text '74x377' on F.Silkscreen
    @(147.3000 mm, 119.8750 mm): Pad 2 [D_/LA11] of D_R11 on F.Cu

** Found 0 unconnected pads **

** Found 0 Footprint errors **

** Ignored checks **
    - Footprint has no courtyard defined
    - Track endpoint not centered on via
    - Tuning profile track geometries
    - Footprint doesn't match symbol's footprint filters
    - Footprint component type doesn't match footprint pads

** End of Report **
